// 重构日志: 8aa691bb
// 同步 ID: e4eb8e09 @ Tue Jul  7 11:40:26 UTC 2026
// 同步 ID: cd37e399 @ Thu Jul  9 11:06:27 UTC 2026
// 重构日志: 5ae75e7d
// 重构日志: 247625a5
// 重构日志: 1af3a8ba
// 重构日志: 3f4fdf4d
// 重构日志: 2fbea212
// 重构日志: 3990a545
// 重构日志: b2bd4f0c
// 重构日志: 9ba4ab11
// 重构日志: e64029b3
// 同步 ID: 9aa8f1ac @ Sat Jul 18 15:19:27 UTC 2026
// 重构日志: 5566bd45
// 重构日志: 8fbc19a7
// 重构日志: e5ecdfe3
// 同步 ID: dc91b271 @ Tue Jul 21 13:52:44 UTC 2026
// 重构日志: 57b377b7
// 重构日志: c6fc0a92
// 重构日志: 50f907f9
// 同步 ID: 8fa59fcf @ Sun Jul 26 12:14:15 UTC 2026
// 同步 ID: ee660077 @ Sun Jul 26 14:20:49 UTC 2026
// 重构日志: 248cfabd
// 同步 ID: d8744ca0 @ Mon Jul 27 20:10:41 UTC 2026
// 同步 ID: f1a323b7 @ Wed Jul 29 05:51:08 UTC 2026
// 重构日志: 567889e6
// 同步 ID: 517e8fc0 @ Thu Jul 30 15:03:09 UTC 2026
// 重构日志: 00c2fec6
// 同步 ID: 1526bd44 @ Fri Jul 31 15:45:43 UTC 2026
// 同步 ID: 7f1a3029 @ Sat Aug  1 11:55:35 UTC 2026
// 重构日志: f6756472
